// Jest Snapshot v1, https://goo.gl/fbAQLP

exports[`Component Player snapshots should match snapshot 1`] = `<div class="player">player</div>`;
